// Jest Snapshot v1, https://goo.gl/fbAQLP

exports[`should render header correctly 1`] = `
<header>
  <h1>
    Expensify
  </h1>
  <Unknown
    className={[Function]}
    exact="true"
    to="/"
  >
    Dashboard
  </Unknown>
  <Unknown
    className={[Function]}
    to="/create"
  >
    Create Expense
  </Unknown>
  <Unknown
    className={[Function]}
    to="/help"
  >
    Help
  </Unknown>
</header>
`;
